// Jest Snapshot v1, https://goo.gl/fbAQLP

exports[`App component renders App 1`] = `
<Quote
  character="sample charcater"
  image="sample image"
  quote="sample quote"
/>
`;
